// Jest Snapshot v1, https://goo.gl/fbAQLP

exports[`Testing <ShopItem/> ShopItem has been rendered 1`] = `
ShallowWrapper {
  Symbol(enzyme.__root__): [Circular],
  Symbol(enzyme.__unrendered__): <ShopItem />,
  Symbol(enzyme.__renderer__): Object {
    "batchedUpdates": [Function],
    "checkPropTypes": [Function],
    "getNode": [Function],
    "render": [Function],
    "simulateError": [Function],
    "simulateEvent": [Function],
    "unmount": [Function],
  },
  Symbol(enzyme.__node__): Object {
    "instance": null,
    "key": undefined,
    "nodeType": "class",
    "props": Object {
      "children": <React.Fragment>
        <img />
        <div
          className="shop__item-title"
        />
        
        <div
          className="shop__item-price"
        />
      </React.Fragment>,
      "className": "shop__item",
      "replace": false,
      "to": "/our-coffe/undefined",
    },
    "ref": null,
    "rendered": Object {
      "instance": null,
      "key": undefined,
      "nodeType": "function",
      "props": Object {
        "children": Array [
          <img />,
          <div
            className="shop__item-title"
          />,
          "",
          <div
            className="shop__item-price"
          />,
        ],
      },
      "ref": null,
      "rendered": Array [
        Object {
          "instance": null,
          "key": undefined,
          "nodeType": "host",
          "props": Object {
            "alt": undefined,
            "src": undefined,
          },
          "ref": null,
          "rendered": null,
          "type": "img",
        },
        Object {
          "instance": null,
          "key": undefined,
          "nodeType": "host",
          "props": Object {
            "children": undefined,
            "className": "shop__item-title",
          },
          "ref": null,
          "rendered": null,
          "type": "div",
        },
        "",
        Object {
          "instance": null,
          "key": undefined,
          "nodeType": "host",
          "props": Object {
            "children": undefined,
            "className": "shop__item-price",
          },
          "ref": null,
          "rendered": null,
          "type": "div",
        },
      ],
      "type": Symbol(react.fragment),
    },
    "type": [Function],
  },
  Symbol(enzyme.__nodes__): Array [
    Object {
      "instance": null,
      "key": undefined,
      "nodeType": "class",
      "props": Object {
        "children": <React.Fragment>
          <img />
          <div
            className="shop__item-title"
          />
          
          <div
            className="shop__item-price"
          />
        </React.Fragment>,
        "className": "shop__item",
        "replace": false,
        "to": "/our-coffe/undefined",
      },
      "ref": null,
      "rendered": Object {
        "instance": null,
        "key": undefined,
        "nodeType": "function",
        "props": Object {
          "children": Array [
            <img />,
            <div
              className="shop__item-title"
            />,
            "",
            <div
              className="shop__item-price"
            />,
          ],
        },
        "ref": null,
        "rendered": Array [
          Object {
            "instance": null,
            "key": undefined,
            "nodeType": "host",
            "props": Object {
              "alt": undefined,
              "src": undefined,
            },
            "ref": null,
            "rendered": null,
            "type": "img",
          },
          Object {
            "instance": null,
            "key": undefined,
            "nodeType": "host",
            "props": Object {
              "children": undefined,
              "className": "shop__item-title",
            },
            "ref": null,
            "rendered": null,
            "type": "div",
          },
          "",
          Object {
            "instance": null,
            "key": undefined,
            "nodeType": "host",
            "props": Object {
              "children": undefined,
              "className": "shop__item-price",
            },
            "ref": null,
            "rendered": null,
            "type": "div",
          },
        ],
        "type": Symbol(react.fragment),
      },
      "type": [Function],
    },
  ],
  Symbol(enzyme.__options__): Object {
    "adapter": ReactSixteenAdapter {
      "options": Object {
        "enableComponentDidUpdateOnSetState": true,
        "legacyContextMode": "parent",
        "lifecycles": Object {
          "componentDidUpdate": Object {
            "onSetState": true,
          },
          "getChildContext": Object {
            "calledByRenderer": false,
          },
          "getDerivedStateFromProps": true,
          "getSnapshotBeforeUpdate": true,
          "setState": Object {
            "skipsComponentDidUpdateOnNullish": true,
          },
        },
      },
    },
  },
}
`;
